exports[`Item should render properly 1`] = `"<li><a href=\"https://facebook.github.io/react/\" target=\"_blank\" class=\"app__images__img\" data-shortname=\"react\"><img src=\"null/logos/react.svg\" alt=\"React\" class=\"react\"></a><div class=\"app__images__info\"><h5><a href=\"https://facebook.github.io/react/\" target=\"_blank\">React</a></h5><div class=\"app__images__tags\"><a href=\"#tag\" data-name=\"front-end framework\">#front-end framework</a><a href=\"#tag\" data-name=\"javascript\">#javascript</a><a href=\"#tag\" data-name=\"facebook\">#facebook</a></div><div class=\"app__images__download\"><a href=\"null/logos/react.svg\" class=\"btn btn-sm btn-outline-secondary btn-icon\" download=\"\"><i class=\"i-download\"></i><span>download</span></a></div></div></li>"`;
