exports[`CMS should render properly 1`] = `"<div class=\"app__cms app__route\"><header class=\"app__header\"><div class=\"app__container\"><a href=\"#home\" class=\"app__header__logo\"><div class=\"app__logo\"><span class=\"isvg pending app__logo__full\"></span></div></a><div class=\"app__header__menu\"><ul class=\"list-unstyled\"><li><a href=\"#logout\" class=\"app__logout\"><span>logout</span><i class=\"i-sign-out\"></i></a></li></ul></div></div></header><div class=\"app__container\"><div class=\"app__loader app__loader--pulse\"><div></div></div></div></div>"`;
