exports[`Header should render properly 1`] = `"<header class="app__header"><div class="app__container"><a href="/" class="app__header__logo"><div class="app__logo"><span class="isvg failed app__logo__large"></span><span class="isvg failed app__logo__icon"></span></div></a><div class="app__header__search"><input type="text" name="search" value=""><span class="input-icon"><i class="i-search"></i></span></div><div class="app__header__social"><a href="https://twitter.com/intent/follow?screen_name=svgporn" target="_blank"><i class="i-twitter"></i></a><a href="https://www.facebook.com/svgporn" target="_blank"><i class="i-facebook"></i></a></div></div></header>"`;
